▶ 中壢桃園 3-4房 1500萬內 平面車位（sale）
  [591中古屋] 第 1 頁：https://sale.591.com.tw/?shType=list&regionid=6&section=67,68,73,75&pattern=3,4&label=7&price=0$_1500$&houseage=0$_20$
    取得 31 筆
  [591中古屋] 第 2 頁：https://sale.591.com.tw/?shType=list&regionid=6&section=67,68,73,75&pattern=3,4&label=7&price=0$_1500$&houseage=0$_20$&firstRow=30
    取得 31 筆
  [591中古屋] 第 3 頁：https://sale.591.com.tw/?shType=list&regionid=6&section=67,68,73,75&pattern=3,4&label=7&price=0$_1500$&houseage=0$_20$&firstRow=60
    取得 23 筆
  [591中古屋] 第 4 頁：https://sale.591.com.tw/?shType=list&regionid=6&section=67,68,73,75&pattern=3,4&label=7&price=0$_1500$&houseage=0$_20$&firstRow=90
    取得 30 筆
  [591中古屋] 第 5 頁：https://sale.591.com.tw/?shType=list&regionid=6&section=67,68,73,75&pattern=3,4&label=7&price=0$_1500$&houseage=0$_20$&firstRow=120
    取得 15 筆
  [591中古屋] 第 6 頁：https://sale.591.com.tw/?shType=list&regionid=6&section=67,68,73,75&pattern=3,4&label=7&price=0$_1500$&houseage=0$_20$&firstRow=150
    取得 31 筆
  [591中古屋] 第 7 頁：https://sale.591.com.tw/?shType=list&regionid=6&section=67,68,73,75&pattern=3,4&label=7&price=0$_1500$&houseage=0$_20$&firstRow=180
    取得 31 筆
  [591中古屋] 第 8 頁：https://sale.591.com.tw/?shType=list&regionid=6&section=67,68,73,75&pattern=3,4&label=7&price=0$_1500$&houseage=0$_20$&firstRow=210
    取得 31 筆
  [591中古屋] 第 9 頁：https://sale.591.com.tw/?shType=list&regionid=6&section=67,68,73,75&pattern=3,4&label=7&price=0$_1500$&houseage=0$_20$&firstRow=240
    取得 31 筆
  [591中古屋] 第 10 頁：https://sale.591.com.tw/?shType=list&regionid=6&section=67,68,73,75&pattern=3,4&label=7&price=0$_1500$&houseage=0$_20$&firstRow=270
    取得 31 筆
  [591中古屋] 第 11 頁：https://sale.591.com.tw/?shType=list&regionid=6&section=67,68,73,75&pattern=3,4&label=7&price=0$_1500$&houseage=0$_20$&firstRow=300
    取得 31 筆
  [591中古屋] 第 12 頁：https://sale.591.com.tw/?shType=list&regionid=6&section=67,68,73,75&pattern=3,4&label=7&price=0$_1500$&houseage=0$_20$&firstRow=330
    取得 31 筆
  [591中古屋] 第 13 頁：https://sale.591.com.tw/?shType=list&regionid=6&section=67,68,73,75&pattern=3,4&label=7&price=0$_1500$&houseage=0$_20$&firstRow=360
    取得 31 筆
  [591中古屋] 第 14 頁：https://sale.591.com.tw/?shType=list&regionid=6&section=67,68,73,75&pattern=3,4&label=7&price=0$_1500$&houseage=0$_20$&firstRow=390
    取得 28 筆
  [591中古屋] 第 15 頁：https://sale.591.com.tw/?shType=list&regionid=6&section=67,68,73,75&pattern=3,4&label=7&price=0$_1500$&houseage=0$_20$&firstRow=420
    取得 30 筆
  [591中古屋] 第 16 頁：https://sale.591.com.tw/?shType=list&regionid=6&section=67,68,73,75&pattern=3,4&label=7&price=0$_1500$&houseage=0$_20$&firstRow=450
    取得 23 筆
  [591中古屋] 第 17 頁：https://sale.591.com.tw/?shType=list&regionid=6&section=67,68,73,75&pattern=3,4&label=7&price=0$_1500$&houseage=0$_20$&firstRow=480
    取得 17 筆
  [591中古屋] 第 18 頁：https://sale.591.com.tw/?shType=list&regionid=6&section=67,68,73,75&pattern=3,4&label=7&price=0$_1500$&houseage=0$_20$&firstRow=510
    取得 26 筆
  [591中古屋] 第 19 頁：https://sale.591.com.tw/?shType=list&regionid=6&section=67,68,73,75&pattern=3,4&label=7&price=0$_1500$&houseage=0$_20$&firstRow=540
    取得 17 筆
  [591中古屋] 第 20 頁：https://sale.591.com.tw/?shType=list&regionid=6&section=67,68,73,75&pattern=3,4&label=7&price=0$_1500$&houseage=0$_20$&firstRow=570
    取得 31 筆
  [591中古屋] 第 21 頁：https://sale.591.com.tw/?shType=list&regionid=6&section=67,68,73,75&pattern=3,4&label=7&price=0$_1500$&houseage=0$_20$&firstRow=600
    取得 26 筆
  [591中古屋] 第 22 頁：https://sale.591.com.tw/?shType=list&regionid=6&section=67,68,73,75&pattern=3,4&label=7&price=0$_1500$&houseage=0$_20$&firstRow=630
    取得 27 筆
  [591中古屋] 第 23 頁：https://sale.591.com.tw/?shType=list&regionid=6&section=67,68,73,75&pattern=3,4&label=7&price=0$_1500$&houseage=0$_20$&firstRow=660
    取得 25 筆
  [591中古屋] 第 24 頁：https://sale.591.com.tw/?shType=list&regionid=6&section=67,68,73,75&pattern=3,4&label=7&price=0$_1500$&houseage=0$_20$&firstRow=690
    取得 1 筆
  [591中古屋] 第 25 頁：https://sale.591.com.tw/?shType=list&regionid=6&section=67,68,73,75&pattern=3,4&label=7&price=0$_1500$&houseage=0$_20$&firstRow=720
    取得 5 筆
  [591中古屋] 第 26 頁：https://sale.591.com.tw/?shType=list&regionid=6&section=67,68,73,75&pattern=3,4&label=7&price=0$_1500$&houseage=0$_20$&firstRow=750
    取得 31 筆
  [591中古屋] 第 27 頁：https://sale.591.com.tw/?shType=list&regionid=6&section=67,68,73,75&pattern=3,4&label=7&price=0$_1500$&houseage=0$_20$&firstRow=780
    取得 29 筆
  [591中古屋] 第 28 頁：https://sale.591.com.tw/?shType=list&regionid=6&section=67,68,73,75&pattern=3,4&label=7&price=0$_1500$&houseage=0$_20$&firstRow=810
    取得 7 筆
  [591中古屋] 第 29 頁：https://sale.591.com.tw/?shType=list&regionid=6&section=67,68,73,75&pattern=3,4&label=7&price=0$_1500$&houseage=0$_20$&firstRow=840
    取得 31 筆
  [591中古屋] 第 30 頁：https://sale.591.com.tw/?shType=list&regionid=6&section=67,68,73,75&pattern=3,4&label=7&price=0$_1500$&houseage=0$_20$&firstRow=870
    取得 27 筆
  [591中古屋] 第 31 頁：https://sale.591.com.tw/?shType=list&regionid=6&section=67,68,73,75&pattern=3,4&label=7&price=0$_1500$&houseage=0$_20$&firstRow=900
    取得 29 筆
  [591中古屋] 第 32 頁：https://sale.591.com.tw/?shType=list&regionid=6&section=67,68,73,75&pattern=3,4&label=7&price=0$_1500$&houseage=0$_20$&firstRow=930
    取得 31 筆
  [591中古屋] 第 33 頁：https://sale.591.com.tw/?shType=list&regionid=6&section=67,68,73,75&pattern=3,4&label=7&price=0$_1500$&houseage=0$_20$&firstRow=960
    取得 27 筆
  [591中古屋] 第 34 頁：https://sale.591.com.tw/?shType=list&regionid=6&section=67,68,73,75&pattern=3,4&label=7&price=0$_1500$&houseage=0$_20$&firstRow=990
    取得 21 筆
  [591中古屋] 第 35 頁：https://sale.591.com.tw/?shType=list&regionid=6&section=67,68,73,75&pattern=3,4&label=7&price=0$_1500$&houseage=0$_20$&firstRow=1020
    取得 31 筆
  [591中古屋] 第 36 頁：https://sale.591.com.tw/?shType=list&regionid=6&section=67,68,73,75&pattern=3,4&label=7&price=0$_1500$&houseage=0$_20$&firstRow=1050
    取得 14 筆
  [591中古屋] 第 37 頁：https://sale.591.com.tw/?shType=list&regionid=6&section=67,68,73,75&pattern=3,4&label=7&price=0$_1500$&houseage=0$_20$&firstRow=1080
    取得 6 筆
  [591中古屋] 第 38 頁：https://sale.591.com.tw/?shType=list&regionid=6&section=67,68,73,75&pattern=3,4&label=7&price=0$_1500$&houseage=0$_20$&firstRow=1110
    取得 25 筆
  [591中古屋] 第 39 頁：https://sale.591.com.tw/?shType=list&regionid=6&section=67,68,73,75&pattern=3,4&label=7&price=0$_1500$&houseage=0$_20$&firstRow=1140
    取得 18 筆
  [591中古屋] 第 40 頁：https://sale.591.com.tw/?shType=list&regionid=6&section=67,68,73,75&pattern=3,4&label=7&price=0$_1500$&houseage=0$_20$&firstRow=1170
    取得 18 筆
  共 979 筆，列表條件符合 831 筆
  在 美麗歐洲社區、部桃、武陵高中、中壢車站、日月光中壢廠 任一範圍內 248 筆
  [591中古屋] 讀取 20 筆詳情頁（車位、主建物、附近交通）
    詳情頁不存在 sale-25171764（https://sale.591.com.tw/home/house/detail/2/25171764.html?itm_source=sale&itm_medium=list&itm_campaign=filter_results）
    詳情頁不存在 sale-25173222（https://sale.591.com.tw/home/house/detail/2/25173222.html?itm_source=sale&itm_medium=list&itm_campaign=filter_results）
    詳情頁不存在 sale-25137334（https://sale.591.com.tw/home/house/detail/2/25137334.html?itm_source=sale&itm_medium=list&itm_campaign=filter_results）
    詳情頁不存在 sale-24797390（https://sale.591.com.tw/home/house/detail/2/24797390.html?itm_source=sale&itm_medium=list&itm_campaign=filter_results）
    詳情頁不存在 sale-24909185（https://sale.591.com.tw/home/house/detail/2/24909185.html?itm_source=sale&itm_medium=list&itm_campaign=filter_results）
    詳情頁不存在 sale-24923397（https://sale.591.com.tw/home/house/detail/2/24923397.html?itm_source=sale&itm_medium=list&itm_campaign=filter_results）
    詳情頁不存在 sale-24834421（https://sale.591.com.tw/home/house/detail/2/24834421.html?itm_source=sale&itm_medium=list&itm_campaign=filter_results）
    詳情頁不存在 sale-25009345（https://sale.591.com.tw/home/house/detail/2/25009345.html?itm_source=sale&itm_medium=list&itm_campaign=filter_results）
    詳情頁不存在 sale-25038699（https://sale.591.com.tw/home/house/detail/2/25038699.html?itm_source=sale&itm_medium=list&itm_campaign=filter_results）
    詳情頁不存在 sale-25096237（https://sale.591.com.tw/home/house/detail/2/25096237.html?itm_source=sale&itm_medium=list&itm_campaign=filter_results）
    詳情頁不存在 sale-25129297（https://sale.591.com.tw/home/house/detail/2/25129297.html?itm_source=sale&itm_medium=list&itm_campaign=filter_results）
    詳情頁不存在 sale-24908928（https://sale.591.com.tw/home/house/detail/2/24908928.html?itm_source=sale&itm_medium=list&itm_campaign=filter_results）
  詳情條件符合 230 筆
▶ 中壢桃園新建案（newhouse）
  [591新建案] 第 1 頁
    取得 21 筆（共 1111 筆）
  [591新建案] 第 2 頁
    取得 20 筆（共 1111 筆）
  [591新建案] 第 3 頁
    取得 20 筆（共 1111 筆）
  [591新建案] 第 4 頁
    取得 20 筆（共 1111 筆）
  [591新建案] 第 5 頁
    取得 20 筆（共 1111 筆）
  [591新建案] 第 6 頁
    取得 20 筆（共 1111 筆）
  [591新建案] 第 7 頁
    取得 20 筆（共 1111 筆）
  [591新建案] 第 8 頁
    取得 20 筆（共 1111 筆）
  [591新建案] 第 9 頁
    取得 20 筆（共 1111 筆）
  [591新建案] 第 10 頁
    取得 20 筆（共 1111 筆）
  [591新建案] 第 11 頁
    取得 20 筆（共 1111 筆）
  [591新建案] 第 12 頁
    取得 20 筆（共 1111 筆）
  [591新建案] 第 13 頁
    取得 20 筆（共 1111 筆）
  [591新建案] 第 14 頁
    取得 20 筆（共 1111 筆）
  [591新建案] 第 15 頁
    取得 20 筆（共 1111 筆）
  [591新建案] 第 16 頁
    取得 21 筆（共 1111 筆）
  [591新建案] 第 17 頁
    取得 20 筆（共 1111 筆）
  [591新建案] 第 18 頁
    取得 20 筆（共 1111 筆）
  [591新建案] 第 19 頁
    取得 20 筆（共 1111 筆）
  [591新建案] 第 20 頁
    取得 20 筆（共 1111 筆）
  [591新建案] 第 21 頁
    取得 20 筆（共 1111 筆）
  [591新建案] 第 22 頁
    取得 20 筆（共 1111 筆）
  [591新建案] 第 23 頁
    取得 20 筆（共 1111 筆）
  [591新建案] 第 24 頁
    取得 20 筆（共 1111 筆）
  [591新建案] 第 25 頁
    取得 20 筆（共 1111 筆）
  [591新建案] 第 26 頁
    取得 20 筆（共 1111 筆）
  [591新建案] 第 27 頁
    取得 20 筆（共 1111 筆）
  [591新建案] 第 28 頁
    取得 20 筆（共 1111 筆）
  [591新建案] 第 29 頁
    取得 20 筆（共 1111 筆）
  [591新建案] 第 30 頁
    取得 20 筆（共 1111 筆）
  [591新建案] 第 31 頁
    取得 20 筆（共 1111 筆）
  [591新建案] 第 32 頁
    取得 20 筆（共 1111 筆）
  [591新建案] 第 33 頁
    取得 20 筆（共 1111 筆）
  [591新建案] 第 34 頁
    取得 20 筆（共 1111 筆）
  [591新建案] 第 35 頁
    取得 20 筆（共 1111 筆）
  [591新建案] 第 36 頁
    取得 20 筆（共 1111 筆）
  [591新建案] 第 37 頁
    取得 20 筆（共 1111 筆）
  [591新建案] 第 38 頁
    取得 20 筆（共 1111 筆）
  [591新建案] 第 39 頁
    取得 20 筆（共 1111 筆）
  [591新建案] 第 40 頁
    取得 20 筆（共 1111 筆）
  [591新建案] 第 41 頁
    取得 20 筆（共 1111 筆）
  [591新建案] 第 42 頁
    取得 20 筆（共 1111 筆）
  [591新建案] 第 43 頁
    取得 20 筆（共 1111 筆）
  [591新建案] 第 44 頁
    取得 20 筆（共 1111 筆）
  [591新建案] 第 45 頁
    取得 20 筆（共 1111 筆）
  [591新建案] 第 46 頁
    取得 20 筆（共 1111 筆）
  [591新建案] 第 47 頁
    取得 20 筆（共 1111 筆）
  [591新建案] 第 48 頁
    取得 20 筆（共 1111 筆）
  [591新建案] 第 49 頁
    取得 20 筆（共 1111 筆）
  [591新建案] 第 50 頁
    取得 20 筆（共 1111 筆）
  [591新建案] 第 51 頁
    取得 20 筆（共 1111 筆）
  [591新建案] 第 52 頁
    取得 20 筆（共 1111 筆）
  [591新建案] 第 53 頁
    取得 20 筆（共 1111 筆）
  [591新建案] 第 54 頁
    取得 20 筆（共 1111 筆）
  [591新建案] 第 55 頁
    取得 20 筆（共 1111 筆）
  [591新建案] 第 56 頁
    取得 11 筆（共 1111 筆）
  共 1111 筆，列表條件符合 1080 筆
  在 美麗歐洲社區、部桃、武陵高中、中壢車站、日月光中壢廠 任一範圍內 251 筆
▶ 信義 中壢桃園 3-4房 1500萬內 平面車位（sinyi）
  [信義] 第 1 頁：50 筆（共 357 筆）
  [信義] 第 2 頁：50 筆（共 357 筆）
  [信義] 第 3 頁：50 筆（共 357 筆）
  [信義] 第 4 頁：50 筆（共 357 筆）
  [信義] 第 5 頁：50 筆（共 357 筆）
  [信義] 第 6 頁：50 筆（共 357 筆）
  [信義] 第 7 頁：50 筆（共 357 筆）
  [信義] 第 8 頁：7 筆（共 357 筆）
  共 357 筆，列表條件符合 36 筆
  在 美麗歐洲社區、部桃、武陵高中、中壢車站、日月光中壢廠 任一範圍內 9 筆
  車位等條件符合 7 筆
▶ 住商 中壢桃園 3-4房 1500萬內 平面車位（hbhousing）
  [住商] 欄位範例：{"style": "大樓", "type": "住宅", "parking": "私有", "age": 5.8, "area": 43.06, "mainArea": 16.89}
  [住商] 第 1 頁：10 筆（累計 10）
  [住商] 第 11 頁：10 筆（累計 110）
  ⚠ [住商] 第 17 頁失敗：TimeoutError
  [住商] 共 160 筆
  共 160 筆，列表條件符合 36 筆
  在 美麗歐洲社區、部桃、武陵高中、中壢車站、日月光中壢廠 任一範圍內 15 筆
  車位等條件符合 15 筆
▶ 樂屋網 中壢桃園 3-4房 1500萬內 平面車位（rakuya）
  [樂屋網] 第 1 頁：19 筆
  [樂屋網] 第 2 頁：19 筆
  [樂屋網] 第 3 頁：19 筆
  [樂屋網] 第 4 頁：19 筆
  [樂屋網] 第 5 頁：19 筆
  [樂屋網] 第 6 頁：19 筆
  [樂屋網] 第 7 頁：19 筆
  [樂屋網] 第 8 頁：19 筆
  [樂屋網] 第 9 頁：19 筆
  [樂屋網] 第 10 頁：19 筆
  [樂屋網] 第 11 頁：19 筆
  [樂屋網] 第 12 頁：19 筆
  [樂屋網] 第 13 頁：19 筆
  [樂屋網] 第 14 頁：19 筆
  [樂屋網] 第 15 頁：19 筆
  [樂屋網] 第 16 頁：19 筆
  [樂屋網] 第 17 頁：19 筆
  [樂屋網] 第 18 頁：19 筆
  [樂屋網] 第 19 頁：19 筆
  [樂屋網] 第 20 頁：19 筆
  [樂屋網] 第 21 頁：19 筆
  [樂屋網] 第 22 頁：19 筆
  [樂屋網] 第 23 頁：19 筆
  [樂屋網] 第 24 頁：19 筆
  [樂屋網] 第 25 頁：19 筆
  [樂屋網] 第 26 頁：19 筆
  [樂屋網] 第 27 頁：19 筆
  [樂屋網] 第 28 頁：19 筆
  [樂屋網] 第 29 頁：19 筆
  [樂屋網] 第 30 頁：19 筆
  [樂屋網] 第 31 頁：19 筆
  [樂屋網] 第 32 頁：19 筆
  [樂屋網] 第 33 頁：19 筆
  [樂屋網] 第 34 頁：19 筆
  [樂屋網] 第 35 頁：19 筆
  [樂屋網] 第 36 頁：19 筆
  [樂屋網] 第 37 頁：19 筆
  [樂屋網] 第 38 頁：19 筆
  [樂屋網] 第 39 頁：19 筆
  [樂屋網] 第 40 頁：19 筆
  [樂屋網] 第 41 頁：19 筆
  [樂屋網] 第 42 頁：19 筆
  [樂屋網] 第 43 頁：19 筆
  [樂屋網] 第 44 頁：5 筆
  [樂屋網] 第 45 頁：0 筆
  共 822 筆，列表條件符合 578 筆
  在 美麗歐洲社區、部桃、武陵高中、中壢車站、日月光中壢廠 任一範圍內 101 筆
  車位等條件符合 101 筆
▶ 跨網站重複 86 筆，已合併
▶ 查詢實價登錄行情
  桃園市 實價登錄：61058 筆住宅成交（8 季）
  行情查詢完成：社區 API 查詢 2 次，518 筆物件有行情
✔ 完成：新物件 13、降價 0、目前在架 518
  ✉ 已寄信給 bear851010@gmail.com, r12345920@yahoo.com.tw
